./my.cnf
./support-files/mysql.server
./support-files/mysqld_multi.server
./support-files/solaris/postinstall-solaris
./support-files/binary-configure
./support-files/magic
./support-files/my-default.cnf
./support-files/mysql-log-rotate
./install_calpont_mysql.sh
./pre-mysql-upgrade.sh
./post-mysql-upgrade.sh
./bin/mysqlcheck
./bin/mysql_config
./bin/mysql_find_rows
./bin/mysqlaccess
./bin/mysql_upgrade
./bin/mysqld_multi
./bin/myisamlog
./bin/mysqlslap
./bin/mysql_config_editor
./bin/mysqlbug
./bin/mysqlhotcopy
./bin/mysql_zap
./bin/mysql
./bin/myisampack
./bin/replace
./bin/mysqld_safe
./bin/mysql_convert_table_format
./bin/mysqld
./bin/mysqldump
./bin/mysqlaccess.conf
./bin/mysql_secure_installation
./bin/mysqlimport
./bin/mysqltest
./bin/msql2mysql
./bin/mysqladmin
./bin/innochecksum
./bin/mysqlshow
./bin/myisamchk
./bin/resolveip
./bin/myisam_ftdump
./bin/mysqldumpslow
./bin/mysql_waitpid
./bin/mysql_setpermission
./bin/mysqlbinlog
./bin/my_print_defaults
./bin/resolve_stack_dump
./bin/perror
./bin/mysql_tzinfo_to_sql
./bin/mysql_client_test
./bin/mysql_plugin
./bin/mysql_fix_extensions
./README
./lib/libmysqlclient.so.18.1.0
./lib/libmysqlservices.a
./lib/libmysqlclient.a
./lib/plugin/auth_test_plugin.so
./lib/plugin/validate_password.so
./lib/plugin/daemon_example.ini
./lib/plugin/auth.so
./lib/plugin/mypluglib.so
./lib/plugin/adt_null.so
./lib/plugin/semisync_slave.so
./lib/plugin/libdaemon_example.so
./lib/plugin/auth_socket.so
./lib/plugin/semisync_master.so
./lib/plugin/qa_auth_client.so
./lib/plugin/qa_auth_interface.so
./lib/plugin/qa_auth_server.so
./COPYING
./share/slovak/errmsg.sys
./share/norwegian/errmsg.sys
./share/danish/errmsg.sys
./share/romanian/errmsg.sys
./share/french/errmsg.sys
./share/innodb_memcached_config.sql
./share/italian/errmsg.sys
./share/mysql_security_commands.sql
./share/mysql_system_tables_data.sql
./share/spanish/errmsg.sys
./share/mysql_system_tables.sql
./share/errmsg-utf8.txt
./share/japanese/errmsg.sys
./share/dictionary.txt
./share/english/errmsg.sys
./share/portuguese/errmsg.sys
./share/german/errmsg.sys
./share/greek/errmsg.sys
./share/ukrainian/errmsg.sys
./share/czech/errmsg.sys
./share/swedish/errmsg.sys
./share/aclocal/mysql.m4
./share/serbian/errmsg.sys
./share/polish/errmsg.sys
./share/norwegian-ny/errmsg.sys
./share/mysql_test_data_timezone.sql
./share/charsets/latin2.xml
./share/charsets/cp852.xml
./share/charsets/koi8r.xml
./share/charsets/armscii8.xml
./share/charsets/swe7.xml
./share/charsets/Index.xml
./share/charsets/cp1257.xml
./share/charsets/README
./share/charsets/ascii.xml
./share/charsets/latin7.xml
./share/charsets/dec8.xml
./share/charsets/cp1256.xml
./share/charsets/macroman.xml
./share/charsets/koi8u.xml
./share/charsets/latin1.xml
./share/charsets/latin5.xml
./share/charsets/hebrew.xml
./share/charsets/hp8.xml
./share/charsets/geostd8.xml
./share/charsets/macce.xml
./share/charsets/keybcs2.xml
./share/charsets/greek.xml
./share/charsets/cp1251.xml
./share/charsets/cp866.xml
./share/charsets/cp850.xml
./share/charsets/cp1250.xml
./share/hungarian/errmsg.sys
./share/bulgarian/errmsg.sys
./share/russian/errmsg.sys
./share/fill_help_tables.sql
./share/dutch/errmsg.sys
./share/korean/errmsg.sys
./share/estonian/errmsg.sys
./data/test/db.opt
./scripts/mysql_install_db
./INSTALL-BINARY
./mysql-Calpont
